2024-12-15T17:58:48.831Z  INFO 1 --- [FUT] [main] com.example.demo.FutApplication          : Starting FutApplication v0.0.1-SNAPSHOT using Java 17.0.13 with PID 1 (/app/app.jar started by root in /app)
2024-12-15T17:58:48.851Z  INFO 1 --- [FUT] [main] com.example.demo.FutApplication          : No active profile set, falling back to 1 default profile: "default"
2024-12-15T17:58:52.842Z  INFO 1 --- [FUT] [main] .s.d.r.c.RepositoryConfigurationDelegate : Bootstrapping Spring Data JPA repositories in DEFAULT mode.
2024-12-15T17:58:53.252Z  INFO 1 --- [FUT] [main] .s.d.r.c.RepositoryConfigurationDelegate : Finished Spring Data repository scanning in 301 ms. Found 1 JPA repository interface.
2024-12-15T17:58:56.593Z  INFO 1 --- [FUT] [main] o.s.b.w.embedded.tomcat.TomcatWebServer  : Tomcat initialized with port 8080 (http)
2024-12-15T17:58:56.659Z  INFO 1 --- [FUT] [main] o.apache.catalina.core.StandardService   : Starting service [Tomcat]
2024-12-15T17:58:56.662Z  INFO 1 --- [FUT] [main] o.apache.catalina.core.StandardEngine    : Starting Servlet engine: [Apache Tomcat/10.1.30]
2024-12-15T17:58:56.998Z  INFO 1 --- [FUT] [main] o.a.c.c.C.[Tomcat].[localhost].[/]       : Initializing Spring embedded WebApplicationContext
2024-12-15T17:58:57.010Z  INFO 1 --- [FUT] [main] w.s.c.ServletWebServerApplicationContext : Root WebApplicationContext: initialization completed in 7827 ms
2024-12-15T17:58:58.156Z  INFO 1 --- [FUT] [main] o.hibernate.jpa.internal.util.LogHelper  : HHH000204: Processing PersistenceUnitInfo [name: default]
2024-12-15T17:58:58.489Z  INFO 1 --- [FUT] [main] org.hibernate.Version                    : HHH000412: Hibernate ORM core version 6.5.3.Final
2024-12-15T17:58:58.691Z  INFO 1 --- [FUT] [main] o.h.c.internal.RegionFactoryInitiator    : HHH000026: Second-level cache disabled
2024-12-15T17:59:00.394Z  INFO 1 --- [FUT] [main] o.s.o.j.p.SpringPersistenceUnitInfo      : No LoadTimeWeaver setup: ignoring JPA class transformer
2024-12-15T17:59:00.483Z  WARN 1 --- [FUT] [main] org.hibernate.orm.deprecation            : HHH90000021: Encountered deprecated setting [hibernate.temp.use_jdbc_metadata_defaults], use [hibernate.boot.allow_jdbc_metadata_access] instead
2024-12-15T17:59:00.526Z  WARN 1 --- [FUT] [main] org.hibernate.orm.deprecation            : HHH90000025: MySQL8Dialect does not need to be specified explicitly using 'hibernate.dialect' (remove the property setting and it will be selected by default)
2024-12-15T17:59:00.529Z  WARN 1 --- [FUT] [main] org.hibernate.orm.deprecation            : HHH90000026: MySQL8Dialect has been deprecated; use org.hibernate.dialect.MySQLDialect instead
2024-12-15T17:59:03.652Z  INFO 1 --- [FUT] [main] o.h.e.t.j.p.i.JtaPlatformInitiator       : HHH000489: No JTA platform available (set 'hibernate.transaction.jta.platform' to enable JTA platform integration)
2024-12-15T17:59:03.658Z  INFO 1 --- [FUT] [main] j.LocalContainerEntityManagerFactoryBean : Initialized JPA EntityManagerFactory for persistence unit 'default'
2024-12-15T17:59:05.084Z  WARN 1 --- [FUT] [main] JpaBaseConfiguration$JpaWebConfiguration : spring.jpa.open-in-view is enabled by default. Therefore, database queries may be performed during view rendering. Explicitly configure spring.jpa.open-in-view to disable this warning
2024-12-15T17:59:06.307Z  INFO 1 --- [FUT] [main] o.s.b.w.embedded.tomcat.TomcatWebServer  : Tomcat started on port 8080 (http) with context path '/'
2024-12-15T17:59:06.370Z  INFO 1 --- [FUT] [SpringApplicationShutdownHook] j.LocalContainerEntityManagerFactoryBean : Closing JPA EntityManagerFactory for persistence unit 'default'
2024-12-15T17:59:06.390Z  INFO 1 --- [FUT] [main] com.example.demo.FutApplication          : Started FutApplication in 20.238 seconds (process running for 23.217)
2024-12-15T17:59:39.409Z  INFO 1 --- [FUT] [main] com.example.demo.FutApplication          : Starting FutApplication v0.0.1-SNAPSHOT using Java 17.0.13 with PID 1 (/app/app.jar started by root in /app)
2024-12-15T17:59:39.426Z  INFO 1 --- [FUT] [main] com.example.demo.FutApplication          : No active profile set, falling back to 1 default profile: "default"
2024-12-15T17:59:44.112Z  INFO 1 --- [FUT] [main] .s.d.r.c.RepositoryConfigurationDelegate : Bootstrapping Spring Data JPA repositories in DEFAULT mode.
2024-12-15T17:59:44.488Z  INFO 1 --- [FUT] [main] .s.d.r.c.RepositoryConfigurationDelegate : Finished Spring Data repository scanning in 300 ms. Found 1 JPA repository interface.
2024-12-15T17:59:47.487Z  INFO 1 --- [FUT] [main] o.s.b.w.embedded.tomcat.TomcatWebServer  : Tomcat initialized with port 8080 (http)
2024-12-15T17:59:47.523Z  INFO 1 --- [FUT] [main] o.apache.catalina.core.StandardService   : Starting service [Tomcat]
2024-12-15T17:59:47.523Z  INFO 1 --- [FUT] [main] o.apache.catalina.core.StandardEngine    : Starting Servlet engine: [Apache Tomcat/10.1.30]
2024-12-15T17:59:47.739Z  INFO 1 --- [FUT] [main] o.a.c.c.C.[Tomcat].[localhost].[/]       : Initializing Spring embedded WebApplicationContext
2024-12-15T17:59:47.749Z  INFO 1 --- [FUT] [main] w.s.c.ServletWebServerApplicationContext : Root WebApplicationContext: initialization completed in 7908 ms
2024-12-15T17:59:48.872Z  INFO 1 --- [FUT] [main] o.hibernate.jpa.internal.util.LogHelper  : HHH000204: Processing PersistenceUnitInfo [name: default]
2024-12-15T17:59:49.178Z  INFO 1 --- [FUT] [main] org.hibernate.Version                    : HHH000412: Hibernate ORM core version 6.5.3.Final
2024-12-15T17:59:49.339Z  INFO 1 --- [FUT] [main] o.h.c.internal.RegionFactoryInitiator    : HHH000026: Second-level cache disabled
2024-12-15T17:59:51.515Z  INFO 1 --- [FUT] [main] o.s.o.j.p.SpringPersistenceUnitInfo      : No LoadTimeWeaver setup: ignoring JPA class transformer
2024-12-15T17:59:51.629Z  WARN 1 --- [FUT] [main] org.hibernate.orm.deprecation            : HHH90000021: Encountered deprecated setting [hibernate.temp.use_jdbc_metadata_defaults], use [hibernate.boot.allow_jdbc_metadata_access] instead
2024-12-15T17:59:51.747Z  WARN 1 --- [FUT] [main] org.hibernate.orm.deprecation            : HHH90000025: MySQL8Dialect does not need to be specified explicitly using 'hibernate.dialect' (remove the property setting and it will be selected by default)
2024-12-15T17:59:51.752Z  WARN 1 --- [FUT] [main] org.hibernate.orm.deprecation            : HHH90000026: MySQL8Dialect has been deprecated; use org.hibernate.dialect.MySQLDialect instead
2024-12-15T17:59:55.734Z  INFO 1 --- [FUT] [main] o.h.e.t.j.p.i.JtaPlatformInitiator       : HHH000489: No JTA platform available (set 'hibernate.transaction.jta.platform' to enable JTA platform integration)
2024-12-15T17:59:55.754Z  INFO 1 --- [FUT] [main] j.LocalContainerEntityManagerFactoryBean : Initialized JPA EntityManagerFactory for persistence unit 'default'
2024-12-15T17:59:57.689Z  WARN 1 --- [FUT] [main] JpaBaseConfiguration$JpaWebConfiguration : spring.jpa.open-in-view is enabled by default. Therefore, database queries may be performed during view rendering. Explicitly configure spring.jpa.open-in-view to disable this warning
2024-12-15T18:00:00.983Z  INFO 1 --- [FUT] [main] o.s.b.w.embedded.tomcat.TomcatWebServer  : Tomcat started on port 8080 (http) with context path '/'
2024-12-15T18:00:01.056Z  INFO 1 --- [FUT] [main] com.example.demo.FutApplication          : Started FutApplication in 24.289 seconds (process running for 26.522)
2024-12-15T18:01:45.559Z  INFO 1 --- [FUT] [http-nio-8080-exec-1] o.a.c.c.C.[Tomcat].[localhost].[/]       : Initializing Spring DispatcherServlet 'dispatcherServlet'
2024-12-15T18:01:45.559Z  INFO 1 --- [FUT] [http-nio-8080-exec-1] o.s.web.servlet.DispatcherServlet        : Initializing Servlet 'dispatcherServlet'
2024-12-15T18:01:45.561Z  INFO 1 --- [FUT] [http-nio-8080-exec-1] o.s.web.servlet.DispatcherServlet        : Completed initialization in 2 ms
2024-12-15T18:01:45.647Z  INFO 1 --- [FUT] [http-nio-8080-exec-1] com.zaxxer.hikari.HikariDataSource       : HikariPool-1 - Starting...
2024-12-15T18:01:46.099Z  INFO 1 --- [FUT] [http-nio-8080-exec-1] com.zaxxer.hikari.pool.HikariPool        : HikariPool-1 - Added connection com.mysql.cj.jdbc.ConnectionImpl@7adbdb6e
2024-12-15T18:01:46.102Z  INFO 1 --- [FUT] [http-nio-8080-exec-1] com.zaxxer.hikari.HikariDataSource       : HikariPool-1 - Start completed.
2024-12-15T18:07:35.898Z  INFO 1 --- [FUT] [SpringApplicationShutdownHook] j.LocalContainerEntityManagerFactoryBean : Closing JPA EntityManagerFactory for persistence unit 'default'
2024-12-15T18:07:35.908Z  INFO 1 --- [FUT] [SpringApplicationShutdownHook] com.zaxxer.hikari.HikariDataSource       : HikariPool-1 - Shutdown initiated...
2024-12-15T18:07:35.922Z  INFO 1 --- [FUT] [SpringApplicationShutdownHook] com.zaxxer.hikari.HikariDataSource       : HikariPool-1 - Shutdown completed.
