2024-12-15T17:58:48.326Z  INFO 1 --- [FUT] [main] com.example.demo.FutApplication          : Starting FutApplication v0.0.1-SNAPSHOT using Java 17.0.13 with PID 1 (/app/app.jar started by root in /app)
2024-12-15T17:58:48.350Z  INFO 1 --- [FUT] [main] com.example.demo.FutApplication          : No active profile set, falling back to 1 default profile: "default"
2024-12-15T17:58:52.410Z  INFO 1 --- [FUT] [main] .s.d.r.c.RepositoryConfigurationDelegate : Bootstrapping Spring Data JPA repositories in DEFAULT mode.
2024-12-15T17:58:53.188Z  INFO 1 --- [FUT] [main] .s.d.r.c.RepositoryConfigurationDelegate : Finished Spring Data repository scanning in 704 ms. Found 1 JPA repository interface.
2024-12-15T17:58:56.862Z  INFO 1 --- [FUT] [main] o.s.b.w.embedded.tomcat.TomcatWebServer  : Tomcat initialized with port 8080 (http)
2024-12-15T17:58:56.976Z  INFO 1 --- [FUT] [main] o.apache.catalina.core.StandardService   : Starting service [Tomcat]
2024-12-15T17:58:56.997Z  INFO 1 --- [FUT] [main] o.apache.catalina.core.StandardEngine    : Starting Servlet engine: [Apache Tomcat/10.1.30]
2024-12-15T17:58:57.388Z  INFO 1 --- [FUT] [main] o.a.c.c.C.[Tomcat].[localhost].[/]       : Initializing Spring embedded WebApplicationContext
2024-12-15T17:58:57.389Z  INFO 1 --- [FUT] [main] w.s.c.ServletWebServerApplicationContext : Root WebApplicationContext: initialization completed in 8731 ms
2024-12-15T17:58:58.325Z  INFO 1 --- [FUT] [main] o.hibernate.jpa.internal.util.LogHelper  : HHH000204: Processing PersistenceUnitInfo [name: default]
2024-12-15T17:58:58.609Z  INFO 1 --- [FUT] [main] org.hibernate.Version                    : HHH000412: Hibernate ORM core version 6.5.3.Final
2024-12-15T17:58:58.796Z  INFO 1 --- [FUT] [main] o.h.c.internal.RegionFactoryInitiator    : HHH000026: Second-level cache disabled
2024-12-15T17:59:01.031Z  INFO 1 --- [FUT] [main] o.s.o.j.p.SpringPersistenceUnitInfo      : No LoadTimeWeaver setup: ignoring JPA class transformer
2024-12-15T17:59:01.139Z  WARN 1 --- [FUT] [main] org.hibernate.orm.deprecation            : HHH90000021: Encountered deprecated setting [hibernate.temp.use_jdbc_metadata_defaults], use [hibernate.boot.allow_jdbc_metadata_access] instead
2024-12-15T17:59:01.244Z  WARN 1 --- [FUT] [main] org.hibernate.orm.deprecation            : HHH90000025: MySQL8Dialect does not need to be specified explicitly using 'hibernate.dialect' (remove the property setting and it will be selected by default)
2024-12-15T17:59:01.247Z  WARN 1 --- [FUT] [main] org.hibernate.orm.deprecation            : HHH90000026: MySQL8Dialect has been deprecated; use org.hibernate.dialect.MySQLDialect instead
2024-12-15T17:59:03.949Z  INFO 1 --- [FUT] [main] o.h.e.t.j.p.i.JtaPlatformInitiator       : HHH000489: No JTA platform available (set 'hibernate.transaction.jta.platform' to enable JTA platform integration)
2024-12-15T17:59:03.958Z  INFO 1 --- [FUT] [main] j.LocalContainerEntityManagerFactoryBean : Initialized JPA EntityManagerFactory for persistence unit 'default'
2024-12-15T17:59:05.458Z  WARN 1 --- [FUT] [main] JpaBaseConfiguration$JpaWebConfiguration : spring.jpa.open-in-view is enabled by default. Therefore, database queries may be performed during view rendering. Explicitly configure spring.jpa.open-in-view to disable this warning
2024-12-15T17:59:06.530Z  INFO 1 --- [FUT] [main] o.s.b.w.embedded.tomcat.TomcatWebServer  : Tomcat started on port 8080 (http) with context path '/'
2024-12-15T17:59:06.550Z  INFO 1 --- [FUT] [main] com.example.demo.FutApplication          : Started FutApplication in 21.212 seconds (process running for 23.883)
2024-12-15T17:59:06.558Z  INFO 1 --- [FUT] [SpringApplicationShutdownHook] j.LocalContainerEntityManagerFactoryBean : Closing JPA EntityManagerFactory for persistence unit 'default'
2024-12-15T17:59:38.164Z  INFO 1 --- [FUT] [main] com.example.demo.FutApplication          : Starting FutApplication v0.0.1-SNAPSHOT using Java 17.0.13 with PID 1 (/app/app.jar started by root in /app)
2024-12-15T17:59:38.176Z  INFO 1 --- [FUT] [main] com.example.demo.FutApplication          : No active profile set, falling back to 1 default profile: "default"
2024-12-15T17:59:42.768Z  INFO 1 --- [FUT] [main] .s.d.r.c.RepositoryConfigurationDelegate : Bootstrapping Spring Data JPA repositories in DEFAULT mode.
2024-12-15T17:59:43.252Z  INFO 1 --- [FUT] [main] .s.d.r.c.RepositoryConfigurationDelegate : Finished Spring Data repository scanning in 404 ms. Found 1 JPA repository interface.
2024-12-15T17:59:46.744Z  INFO 1 --- [FUT] [main] o.s.b.w.embedded.tomcat.TomcatWebServer  : Tomcat initialized with port 8080 (http)
2024-12-15T17:59:46.800Z  INFO 1 --- [FUT] [main] o.apache.catalina.core.StandardService   : Starting service [Tomcat]
2024-12-15T17:59:46.800Z  INFO 1 --- [FUT] [main] o.apache.catalina.core.StandardEngine    : Starting Servlet engine: [Apache Tomcat/10.1.30]
2024-12-15T17:59:46.928Z  INFO 1 --- [FUT] [main] o.a.c.c.C.[Tomcat].[localhost].[/]       : Initializing Spring embedded WebApplicationContext
2024-12-15T17:59:46.929Z  INFO 1 --- [FUT] [main] w.s.c.ServletWebServerApplicationContext : Root WebApplicationContext: initialization completed in 8180 ms
2024-12-15T17:59:47.967Z  INFO 1 --- [FUT] [main] o.hibernate.jpa.internal.util.LogHelper  : HHH000204: Processing PersistenceUnitInfo [name: default]
2024-12-15T17:59:48.418Z  INFO 1 --- [FUT] [main] org.hibernate.Version                    : HHH000412: Hibernate ORM core version 6.5.3.Final
2024-12-15T17:59:48.683Z  INFO 1 --- [FUT] [main] o.h.c.internal.RegionFactoryInitiator    : HHH000026: Second-level cache disabled
2024-12-15T17:59:50.170Z  INFO 1 --- [FUT] [main] o.s.o.j.p.SpringPersistenceUnitInfo      : No LoadTimeWeaver setup: ignoring JPA class transformer
2024-12-15T17:59:50.267Z  WARN 1 --- [FUT] [main] org.hibernate.orm.deprecation            : HHH90000021: Encountered deprecated setting [hibernate.temp.use_jdbc_metadata_defaults], use [hibernate.boot.allow_jdbc_metadata_access] instead
2024-12-15T17:59:50.324Z  WARN 1 --- [FUT] [main] org.hibernate.orm.deprecation            : HHH90000025: MySQL8Dialect does not need to be specified explicitly using 'hibernate.dialect' (remove the property setting and it will be selected by default)
2024-12-15T17:59:50.331Z  WARN 1 --- [FUT] [main] org.hibernate.orm.deprecation            : HHH90000026: MySQL8Dialect has been deprecated; use org.hibernate.dialect.MySQLDialect instead
2024-12-15T17:59:53.779Z  INFO 1 --- [FUT] [main] o.h.e.t.j.p.i.JtaPlatformInitiator       : HHH000489: No JTA platform available (set 'hibernate.transaction.jta.platform' to enable JTA platform integration)
2024-12-15T17:59:53.798Z  INFO 1 --- [FUT] [main] j.LocalContainerEntityManagerFactoryBean : Initialized JPA EntityManagerFactory for persistence unit 'default'
2024-12-15T17:59:56.148Z  WARN 1 --- [FUT] [main] JpaBaseConfiguration$JpaWebConfiguration : spring.jpa.open-in-view is enabled by default. Therefore, database queries may be performed during view rendering. Explicitly configure spring.jpa.open-in-view to disable this warning
2024-12-15T17:59:58.934Z  INFO 1 --- [FUT] [main] o.s.b.w.embedded.tomcat.TomcatWebServer  : Tomcat started on port 8080 (http) with context path '/'
2024-12-15T17:59:59.050Z  INFO 1 --- [FUT] [main] com.example.demo.FutApplication          : Started FutApplication in 23.431 seconds (process running for 25.243)
2024-12-15T18:00:51.277Z  INFO 1 --- [FUT] [http-nio-8080-exec-1] o.a.c.c.C.[Tomcat].[localhost].[/]       : Initializing Spring DispatcherServlet 'dispatcherServlet'
2024-12-15T18:00:51.278Z  INFO 1 --- [FUT] [http-nio-8080-exec-1] o.s.web.servlet.DispatcherServlet        : Initializing Servlet 'dispatcherServlet'
2024-12-15T18:00:51.280Z  INFO 1 --- [FUT] [http-nio-8080-exec-1] o.s.web.servlet.DispatcherServlet        : Completed initialization in 2 ms
2024-12-15T18:00:51.398Z  INFO 1 --- [FUT] [http-nio-8080-exec-1] com.zaxxer.hikari.HikariDataSource       : HikariPool-1 - Starting...
2024-12-15T18:00:52.088Z  INFO 1 --- [FUT] [http-nio-8080-exec-1] com.zaxxer.hikari.pool.HikariPool        : HikariPool-1 - Added connection com.mysql.cj.jdbc.ConnectionImpl@a4bd82b
2024-12-15T18:00:52.091Z  INFO 1 --- [FUT] [http-nio-8080-exec-1] com.zaxxer.hikari.HikariDataSource       : HikariPool-1 - Start completed.
2024-12-15T18:07:35.905Z  INFO 1 --- [FUT] [SpringApplicationShutdownHook] j.LocalContainerEntityManagerFactoryBean : Closing JPA EntityManagerFactory for persistence unit 'default'
2024-12-15T18:07:35.907Z  INFO 1 --- [FUT] [SpringApplicationShutdownHook] com.zaxxer.hikari.HikariDataSource       : HikariPool-1 - Shutdown initiated...
2024-12-15T18:07:35.912Z  INFO 1 --- [FUT] [SpringApplicationShutdownHook] com.zaxxer.hikari.HikariDataSource       : HikariPool-1 - Shutdown completed.
